// Vitest Snapshot v1, https://vitest.dev/guide/snapshot.html

exports[`PostsView > Probando la existencia del componente o vista PostsView  1`] = `
"<div class="posts">
  <h1>Vista de Posts</h1>
  <ul>
    <li>Post 1</li>
    <li>Post 2</li>
    <li>Post 3</li>
    <li>Post 4</li>
  </ul>
</div>"
`;
